// Jest Snapshot v1, https://goo.gl/fbAQLP

exports[`macros 1. client-
  The option is used to skip the calculation when a specific condition is met
  The option is necessary because React hooks can't be called conditionally
  The skip option can take any expression that's get evaluated at runtime
: 1. client-
  The option is used to skip the calculation when a specific condition is met
  The option is necessary because React hooks can't be called conditionally
  The skip option can take any expression that's get evaluated at runtime
 1`] = `


import { useSSRComputation } from "../lib/index.macro"
const skip = true;

const x = useSSRComputation("./a.ssr-computation", [], { skip, webpackChunkName: "custom-chunk-name" });


      ↓ ↓ ↓ ↓ ↓ ↓

function _dynamicImport_() {
  return import(
    /* webpackChunkName: "custom-chunk-name-ssr-computations" */ "./a.ssr-computation"
  );
}
import useSSRComputation_Client from "@popmenu/use-ssr-computation.runtime/lib/useSSRComputation_Client";
const skip = true;
const x = useSSRComputation_Client(
  _dynamicImport_,
  [],
  {
    skip,
  },
  "tests/a.ssr-computation",
);

`;

exports[`macros 1. server-
  The option is used to skip the calculation when a specific condition is met
  The option is necessary because React hooks can't be called conditionally
  The skip option can take any expression that's get evaluated at runtime
: 1. server-
  The option is used to skip the calculation when a specific condition is met
  The option is necessary because React hooks can't be called conditionally
  The skip option can take any expression that's get evaluated at runtime
 1`] = `


import { useSSRComputation } from "../lib/index.macro"
const skip = true;

const x = useSSRComputation("./a.ssr-computation", [], { skip, webpackChunkName: "custom-chunk-name" });


      ↓ ↓ ↓ ↓ ↓ ↓

import __a from "./a.ssr-computation";
import useSSRComputation_Server from "@popmenu/use-ssr-computation.runtime/lib/useSSRComputation_Server";
const skip = true;
const x = useSSRComputation_Server(
  __a,
  [],
  {
    skip,
  },
  "tests/a.ssr-computation",
);

`;
